// Jest Snapshot v1, https://goo.gl/fbAQLP

exports[`<Main /> @renders in default state 1`] = `
<BrowserRouter>
  <div>
    <Route
      component="HeaderMocked"
      path="/"
    />
    <Route
      component={[Function]}
      exact={true}
      path="/"
    />
    <Route
      component={[Function]}
      path="/movie"
    />
  </div>
</BrowserRouter>
`;
